<html lang="en">
  <head>
    <title>File Hash Database</title>
    <link rel="stylesheet" href="https://stackpath.bootstrapcdn.com/bootstrap/4.3.1/css/bootstrap.min.css" integrity="sha384-ggOyR0iXCbMQv3Xipma34MD+dH/1fQ784/j6cY/iJTQUOhcWr7x9JvoRxT2MZw1T" crossorigin="anonymous" />
  </head>

  <!-- Environment variables:
       db: exp.txt
       record: (null)
       hash: (null)
       query: (null)
    -->

  <body>
    <div class="container">
      <br />
      <h2 class="mb-0">Database Records</h2>
      <div class="row">
        <div class="col py-md-2 border bg-light">PART_hello.txt</div>
        <div class="col py-md-2 border bg-light">94079f0727198698a90781a4467da7cb3fc3db4f</div>
        <div class="w-100"></div>
        <div class="col py-md-2 border bg-light">PART_show_all.txt</div>
        <div class="col py-md-2 border bg-light">9e5543354d4592db8272b3c3e14953770df88ba3</div>
        <div class="w-100"></div>
        <div class="col py-md-2 border bg-light">PART_shutdown.txt</div>
        <div class="col py-md-2 border bg-light">61acdfd793293502dcb70372530817898f7a4c02</div>
        <div class="w-100"></div>
        <div class="col py-md-2 border bg-light">MIN_db_record.txt</div>
        <div class="col py-md-2 border bg-light">96a1248be17398e46ff821da8478dcfebcf29ce1</div>
        <div class="w-100"></div>
        <div class="col py-md-2 border bg-light">FULL_form_db.txt</div>
        <div class="col py-md-2 border bg-light">925847ed03e96aab4a4ee8439ce213ac9ff8f965</div>
        <div class="w-100"></div>
        <div class="col py-md-2 border bg-light">FULL_query_db.txt</div>
        <div class="col py-md-2 border bg-light">e54a00d250e1d342df65365f35df7576abd26b4a</div>
        <div class="w-100"></div>
        <div class="col py-md-2 border bg-light">FULL_query_mismatch.txt</div>
        <div class="col py-md-2 border bg-light">0bd18054e7564c2b5d8e3246d634a82a75fe688c</div>
        <div class="w-100"></div>
        <div class="col py-md-2 border bg-light">FULL_query_record.txt</div>
        <div class="col py-md-2 border bg-light">7df7a42c2b78f240dd60dbc6e6cb90c853e0a125</div>
      </div>
    </div>
  </body>

</html>
