<html>
<head>
  <title>Success!</title>
</head>
<body>
  <p>Server has stopped</p>
</body>
</html>
