<html>
<head>
  <title>Hello world demo</title>
</head>

<body>
<h2>Hello world!</h2>
</body>
</html>
