<html lang="en">
  <head>
    <title>File Hash Database</title>
    <link rel="stylesheet" href="https://stackpath.bootstrapcdn.com/bootstrap/4.3.1/css/bootstrap.min.css" integrity="sha384-ggOyR0iXCbMQv3Xipma34MD+dH/1fQ784/j6cY/iJTQUOhcWr7x9JvoRxT2MZw1T" crossorigin="anonymous" />
  </head>

  <!-- Environment variables:
       db: (null)
       record: (null)
       hash: (null)
       query: (null)
    -->

  <body>
    <div class="container">
      <br />
      <h2 class="mb-0">Database Records</h2>
      <div class="row">
        <div class="col py-md-2 border bg-light">bootstrap.html</div>
        <div class="col py-md-2 border bg-light">53f46ac97c1dab2ecde92f276f78c7a4910e109a</div>
        <div class="w-100"></div>
        <div class="col py-md-2 border bg-light">index.html</div>
        <div class="col py-md-2 border bg-light">28977d219fc715fb8d91d01a4357d30b3a66466b</div>
        <div class="w-100"></div>
        <div class="col py-md-2 border bg-light">upload.html</div>
        <div class="col py-md-2 border bg-light">84954447e5aa934fd9de13590f00ba9ced10b521</div>
      </div>
    </div>
  </body>

</html>
