+++++++++++++++++++++++++++++++++++++++++++++++++++++
METHOD: GET
URI: cgi-bin/show.cgi
QUERY: db=exp.txt&record=1&hash=9e5543354d4592db8272b3c3e14953770df88ba3
VERSION: HTTP/1.0
SIZE: 0
BOUNDARY: (null)
BODY [each line ends in \r\n]:
(null)
+++++++++++++++++++++++++++++++++++++++++++++++++++++

++++++++++++++++++++++++++++
Client received
++++++++++++++++++++++++++++
HTTP/1.0 200 OK
Content-Type: text/html; charset=UTF-8
Content-Length: 849

<html lang="en">
  <head>
    <title>File Hash Database</title>
    <link rel="stylesheet" href="https://stackpath.bootstrapcdn.com/bootstrap/4.3.1/css/bootstrap.min.css" integrity="sha384-ggOyR0iXCbMQv3Xipma34MD+dH/1fQ784/j6cY/iJTQUOhcWr7x9JvoRxT2MZw1T" crossorigin="anonymous" />
  </head>

  <!-- Environment variables:
       db: (null)
       record: (null)
       hash: (null)
       query: db=exp.txt&record=1&hash=9e5543354d4592db8272b3c3e14953770df88ba3
    -->

  <body>
    <div class="container">
      <br />
      <h2 class="mb-0">Database Records</h2>
      <div class="row">
        <div class="col py-md-2 border bg-light">PART_hello.txt</div>
        <div class="col py-md-2 border bg-light">94079f0727198698a90781a4467da7cb3fc3db4f <span class="badge badge-danger">MISMATCH</span></div>
      </div>
    </div>
  </body>

</html>
++++++++++++++++++++++++++++
