+++++++++++++++++++++++++++++++++++++++++++++++++++++
METHOD: POST
URI: cgi-bin/show.cgi
QUERY: (null)
VERSION: HTTP/1.1
SIZE: 0
BOUNDARY: ------WebKitFormBoundary4XdOKY1sHBOLMWEE
BODY [each line ends in \r\n]:
--------WebKitFormBoundary4XdOKY1sHBOLMWEE
Content-Disposition: form-data; name="record"

2
--------WebKitFormBoundary4XdOKY1sHBOLMWEE--

+++++++++++++++++++++++++++++++++++++++++++++++++++++

++++++++++++++++++++++++++++
Client received
++++++++++++++++++++++++++++
HTTP/1.1 200 OK
Content-Type: text/html; charset=UTF-8
Content-Length: 732
Connection: close

<html lang="en">
  <head>
    <title>File Hash Database</title>
    <link rel="stylesheet" href="https://stackpath.bootstrapcdn.com/bootstrap/4.3.1/css/bootstrap.min.css" integrity="sha384-ggOyR0iXCbMQv3Xipma34MD+dH/1fQ784/j6cY/iJTQUOhcWr7x9JvoRxT2MZw1T" crossorigin="anonymous" />
  </head>

  <!-- Environment variables:
       db: (null)
       record: 2
       hash: (null)
       query: (null)
    -->

  <body>
    <div class="container">
      <br />
      <h2 class="mb-0">Database Records</h2>
      <div class="row">
        <div class="col py-md-2 border bg-light">index.html</div>
        <div class="col py-md-2 border bg-light">28977d219fc715fb8d91d01a4357d30b3a66466b</div>
      </div>
    </div>
  </body>

</html>
++++++++++++++++++++++++++++
