+++++++++++++++++++++++++++++++++++++++++++++++++++++
METHOD: POST
URI: cgi-bin/show.cgi
QUERY: (null)
VERSION: HTTP/1.1
SIZE: 0
BOUNDARY: ------WebKitFormBoundary4XdOKY1sHBOLMWEE
BODY [each line ends in \r\n]:
--------WebKitFormBoundary4XdOKY1sHBOLMWEE
Content-Disposition: form-data; name="db"

exp.txt
--------WebKitFormBoundary4XdOKY1sHBOLMWEE
Content-Disposition: form-data; name="hash"

9e5543354d4592db8272b3c3e14953770df88ba3
--------WebKitFormBoundary4XdOKY1sHBOLMWEE
Content-Disposition: form-data; name="record"

2
--------WebKitFormBoundary4XdOKY1sHBOLMWEE--

+++++++++++++++++++++++++++++++++++++++++++++++++++++

++++++++++++++++++++++++++++
Client received
++++++++++++++++++++++++++++
HTTP/1.1 200 OK
Content-Type: text/html; charset=UTF-8
Content-Length: 774
Connection: close

<html lang="en">
  <head>
    <title>File Hash Database</title>
    <link rel="stylesheet" href="https://stackpath.bootstrapcdn.com/bootstrap/4.3.1/css/bootstrap.min.css" integrity="sha384-ggOyR0iXCbMQv3Xipma34MD+dH/1fQ784/j6cY/iJTQUOhcWr7x9JvoRxT2MZw1T" crossorigin="anonymous" />
  </head>

  <!-- Environment variables:
       db: exp.txt
       record: 2
       hash: 9e5543354d4592db8272b3c3e14953770df88ba3
       query: (null)
    -->

  <body>
    <div class="container">
      <br />
      <h2 class="mb-0">Database Records</h2>
      <div class="row">
        <div class="col py-md-2 border bg-light">PART_show_all.txt</div>
        <div class="col py-md-2 border bg-light">9e5543354d4592db8272b3c3e14953770df88ba3</div>
      </div>
    </div>
  </body>

</html>
++++++++++++++++++++++++++++
